error: lifetime parameters must be declared prior to type parameters
  --> $DIR/lifetime-before-type-params.rs:2:13
   |
LL | fn first<T, 'a, 'b>() {}
   |         ----^^--^^- help: reorder the parameters: `<'a, 'b, T>`
   |
   = note: the expected order for parameters is: lifetimes, then types, then consts

error: lifetime parameters must be declared prior to type parameters
  --> $DIR/lifetime-before-type-params.rs:4:18
   |
LL | fn second<'a, T, 'b>() {}
   |          --------^^- help: reorder the parameters: `<'a, 'b, T>`
   |
   = note: the expected order for parameters is: lifetimes, then types, then consts

error: lifetime parameters must be declared prior to type parameters
  --> $DIR/lifetime-before-type-params.rs:6:16
   |
LL | fn third<T, U, 'a>() {}
   |         -------^^- help: reorder the parameters: `<'a, T, U>`
   |
   = note: the expected order for parameters is: lifetimes, then types, then consts

error: lifetime parameters must be declared prior to type parameters
  --> $DIR/lifetime-before-type-params.rs:8:18
   |
LL | fn fourth<'a, T, 'b, U, 'c, V>() {}
   |          --------^^-----^^---- help: reorder the parameters: `<'a, 'b, 'c, T, U, V>`
   |
   = note: the expected order for parameters is: lifetimes, then types, then consts

error: aborting due to 4 previous errors

