error: type parameters must be declared prior to const parameters
  --> $DIR/type-after-const-ok.rs:8:26
   |
LL | struct A<const N: usize, T>(T);
   |         -----------------^- help: reorder the parameters: `<T, const N: usize>`
   |
   = note: the expected order for parameters is: lifetimes, then types, then consts

error: aborting due to previous error

