// Test the HIR pretty printer correctly handles default values for const generics
// check-pass
// compile-flags: -Z unpretty=hir

#![crate_type = "lib"]
#![feature(const_generics_defaults)]
#![allow(incomplete_features)]
#[prelude_import]
use ::std::prelude::v1::*;
#[macro_use]
extern crate std;

trait Foo<const KIND: bool = true> { }

fn foo<const SIZE: usize = 5>() { }

struct Range<const FROM: usize = 0, const LEN: usize = 0, const TO: usize =
             { FROM + LEN }>;
